I'm sorry, but errors were detected in your script. Please correct the
errors listed below, and try again.


File "game/screens.rpy", line 357: 'title' is not a keyword argument or valid child of the add statement.
    add bg title tavern default
                ^

Ren'Py Version: Ren'Py 8.3.4.24120703
Sat Jan  4 09:04:30 2025
